// Jest Snapshot v1, https://goo.gl/fbAQLP

exports[`invalid.hbs [glimmer] format 1`] = `
"Parse error on line 2:
<A >x, {{@name}
--------------^
Expecting 'CLOSE_RAW_BLOCK', 'CLOSE', 'CLOSE_UNESCAPED', 'OPEN_SEXPR', 'CLOSE_SEXPR', 'ID', 'OPEN_BLOCK_PARAMS', 'STRING', 'NUMBER', 'BOOLEAN', 'UNDEFINED', 'NULL', 'DATA', 'SEP', got 'INVALID' (2:11)
  1 | <A >
> 2 | x, {{@name}
    |           ^
  3 | "
`;

exports[`invalid-2.hbs [glimmer] format 1`] = `
"Syntax Error: Unclosed element \`@name\`: 

|
|  <{@name>
|

(error occurred in 'an unknown module' @ line 3 : column 0) (3:0)
  1 | <a>
  2 | 
> 3 | <{@name>
    | ^^^^^^^^
  4 | "
`;

exports[`invalid-3.hbs [glimmer] format 1`] = `
"Parse error on line 3:
<a>{{}}
-----^
Expecting 'ID', 'STRING', 'NUMBER', 'BOOLEAN', 'UNDEFINED', 'NULL', 'DATA', got 'CLOSE' (3:3)
  1 | <a>
  2 | 
> 3 | {{}}
    |   ^
  4 | "
`;
